---
source: crates/plene-core/tests/snapshots.rs
expression: render_spans(&source)
input_file: crates/plene-core/tests/fixtures/roles.rs
---
  1 | pub:Keyword/keyword fn:Keyword/keyword roles:Function <:Punctuation 'a:Lifetime/lifetime >:Punctuation (:Punctuation &:Operator/self_param mut:Keyword/keyword self:Keyword ,:Punctuation text:Identifier ::Punctuation &:Operator/ref_type 'a:Lifetime/lifetime str:Type ,:Punctuation items:Identifier ::Punctuation &:Operator/ref_type [:Punctuation u8:Type ]:Punctuation ):Punctuation ->:Operator/ret_type Result:Type <:Punctuation &:Operator/ref_type 'static:Lifetime/lifetime str:Type ,:Punctuation Error:Type >:Punctuation {:Punctuation
  2 | let:Keyword mut:Keyword/keyword total:Identifier =:Operator 0:Number ;:Punctuation
  3 | let:Keyword &:Operator/ref_pattern first:Identifier =:Operator &:Operator/ref_expr items:Identifier [:Punctuation 0:Number ]:Punctuation ;:Punctuation
  4 | let:Keyword bytes:Identifier =:Operator read:Function (:Punctuation text:Identifier ):Punctuation ?:Operator/try ;:Punctuation
  5 | let:Keyword length:Identifier =:Operator parse:Function (:Punctuation text:Identifier ):Punctuation ?:Operator/try_chained .:Punctuation len:Function (:Punctuation ):Punctuation ;:Punctuation
  6 | let:Keyword field:Identifier =:Operator parse:Function (:Punctuation text:Identifier ):Punctuation ?:Operator/try_chained .:Punctuation value:Identifier ;:Punctuation
  7 | let:Keyword entry:Identifier =:Operator lookup:Function (:Punctuation text:Identifier ):Punctuation ?:Operator/try_chained [:Punctuation 0:Number ]:Punctuation ;:Punctuation
  8 | let:Keyword joined:Identifier =:Operator fetch:Function (:Punctuation text:Identifier ):Punctuation ?:Operator/try_chained .:Punctuation await:Keyword ;:Punctuation
  9 | let:Keyword add:Identifier =:Operator |:Operator/closure_open x:Identifier ::Punctuation u8:Type ,:Punctuation y:Identifier ::Punctuation u8:Type |:Operator/closure_close ->:Operator/ret_type u8:Type {:Punctuation x:Identifier +:Operator y:Identifier }:Punctuation ;:Punctuation
 10 | let:Keyword noop:Identifier =:Operator |:Operator/closure_open |:Operator/closure_close {:Punctuation }:Punctuation ;:Punctuation
 11 | let:Keyword any:Identifier ::Punctuation &:Operator/ref_type '_:Lifetime/lifetime_anonymous str:Type =:Operator text:Identifier ;:Punctuation
 12 | 'outer:Lifetime/label ::Punctuation for:Keyword item:Identifier in:Keyword items:Identifier {:Punctuation
 13 | if:Keyword *:Operator/deref item:Identifier ==:Operator 0:Number {:Punctuation
 14 | continue:Keyword 'outer:Lifetime/label ;:Punctuation
 15 | }:Punctuation
 16 | break:Keyword 'outer:Lifetime/label ;:Punctuation
 17 | }:Punctuation
 18 | total:Identifier
 19 | }:Punctuation
 20 |
 21 | // Tokens in macro and attribute arguments take no role.:Comment
 22 | fn:Keyword/keyword unroled:Function (:Punctuation a:Identifier ::Punctuation u8:Type ):Punctuation {:Punctuation
 23 | println:Macro !:Macro (:Punctuation "{}":String ,:Punctuation &:Operator a:Identifier ):Punctuation ;:Punctuation
 24 | #:Attribute [:Attribute route:Attribute (:Attribute &:Attribute mut:Attribute state:Attribute ,:Attribute fn:Attribute (:Attribute ):Attribute -:Attribute >:Attribute u8:Attribute ):Attribute ]:Attribute
 25 | let:Keyword attributed:Identifier =:Operator a:Identifier ;:Punctuation
 26 | }:Punctuation
